// Jest Snapshot v1, https://goo.gl/fbAQLP

exports[`Mapbox Component renders default form acording to snapshot 1`] = `
<DocumentFragment>
  <div
    style="position: relative; width: 101%; height: 100%; cursor: grab; outline: none;"
    tabindex="0"
  >
    <div
      style="position: relative; width: 100%; height: 100%;"
    >
      <div
        class=""
        style="position: absolute; width: 100%; height: 100%; overflow: hidden; visibility: inherit;"
      />
    </div>
  </div>
</DocumentFragment>
`;
