// Jest Snapshot v1, https://goo.gl/fbAQLP

exports[`Parking List Component Renders table according to snapshot 1`] = `
<DocumentFragment>
  <div
    class="search-wrapper"
  >
    <i
      class="search-icon"
    >
      <svg
        class=""
        height="20"
        style="display: inline-block; vertical-align: middle;"
        viewBox="0 0 1024 1024"
        width="20"
        xmlns="http://www.w3.org/2000/svg"
      >
        <path
          d="M992.262 871.396l-242.552-206.294c-25.074-22.566-51.89-32.926-73.552-31.926 57.256-67.068 91.842-154.078 91.842-249.176 0-212.078-171.922-384-384-384-212.076 0-384 171.922-384 384s171.922 384 384 384c95.098 0 182.108-34.586 249.176-91.844-1 21.662 9.36 48.478 31.926 73.552l206.294 242.552c35.322 39.246 93.022 42.554 128.22 7.356s31.892-92.898-7.354-128.22zM384 640c-141.384 0-256-114.616-256-256s114.616-256 256-256 256 114.616 256 256-114.614 256-256 256z"
          style="fill: #444;"
        />
      </svg>
    </i>
    <input
      class="form-control"
      placeholder="Buscar por nombre y/o direccion"
      type="text"
      value=""
    />
  </div>
  <table
    class="table table-striped table-dark"
    id="parktab"
    role="table"
  >
    <thead>
      <tr
        role="row"
      >
        <th
          colspan="1"
          role="columnheader"
        >
          Nombre
        </th>
        <th
          colspan="1"
          role="columnheader"
        >
          Direccion
        </th>
        <th
          colspan="1"
          role="columnheader"
        >
          Horario de Atencion
        </th>
        <th
          colspan="1"
          role="columnheader"
        >
          Precio
        </th>
        <th
          colspan="1"
          role="columnheader"
        >
          Favorito
        </th>
      </tr>
    </thead>
    <tbody
      role="rowgroup"
    >
      <tr
        role="row"
      >
        <td
          role="cell"
        >
          Parking Tucuman
        </td>
        <td
          role="cell"
        >
          25 de Mayo 312
        </td>
        <td
          role="cell"
        >
          24 hs
        </td>
        <td
          role="cell"
        />
        <td
          role="cell"
        >
          25
        </td>
        <td>
          <div>
            <button
              class="btn-openModal"
            >
              Reserva
            </button>
          </div>
        </td>
      </tr>
      <tr
        role="row"
      >
        <td
          role="cell"
        >
          La Teresina
        </td>
        <td
          role="cell"
        >
          Mendoza 949
        </td>
        <td
          role="cell"
        >
          8 - 21 hs
        </td>
        <td
          role="cell"
        />
        <td
          role="cell"
        >
          30
        </td>
        <td>
          <div>
            <button
              class="btn-openModal"
            >
              Reserva
            </button>
          </div>
        </td>
      </tr>
      <tr
        role="row"
      >
        <td
          role="cell"
        >
          Estacionamiento Playa Grande
        </td>
        <td
          role="cell"
        >
          Provincia de Cordoba 751
        </td>
        <td
          role="cell"
        >
          7 - 22 hs
        </td>
        <td
          role="cell"
        />
        <td
          role="cell"
        >
          35
        </td>
        <td>
          <div>
            <button
              class="btn-openModal"
            >
              Reserva
            </button>
          </div>
        </td>
      </tr>
      <tr
        role="row"
      >
        <td
          role="cell"
        >
          Estacionamiento del Mercado
        </td>
        <td
          role="cell"
        >
          Maipú 246
        </td>
        <td
          role="cell"
        >
          24 hs
        </td>
        <td
          role="cell"
        />
        <td
          role="cell"
        >
          40
        </td>
        <td>
          <div>
            <button
              class="btn-openModal"
            >
              Reserva
            </button>
          </div>
        </td>
      </tr>
      <tr
        role="row"
      >
        <td
          role="cell"
        >
          Estacionamiento SM
        </td>
        <td
          role="cell"
        >
          Gral. José de San Martín 867
        </td>
        <td
          role="cell"
        >
          8 - 22 hs
        </td>
        <td
          role="cell"
        />
        <td
          role="cell"
        >
          35
        </td>
        <td>
          <div>
            <button
              class="btn-openModal"
            >
              Reserva
            </button>
          </div>
        </td>
      </tr>
      <tr
        role="row"
      >
        <td
          role="cell"
        >
          Estacionamiento 970
        </td>
        <td
          role="cell"
        >
          Crisóstomo Álvarez 970 
        </td>
        <td
          role="cell"
        >
          8 - 20 hs
        </td>
        <td
          role="cell"
        />
        <td
          role="cell"
        >
          25
        </td>
        <td>
          <div>
            <button
              class="btn-openModal"
            >
              Reserva
            </button>
          </div>
        </td>
      </tr>
      <tr
        role="row"
      >
        <td
          role="cell"
        >
          Guardeía 9 de Julio
        </td>
        <td
          role="cell"
        >
          Pcia. de Córdoba 950 
        </td>
        <td
          role="cell"
        >
          24 hs
        </td>
        <td
          role="cell"
        />
        <td
          role="cell"
        >
          35
        </td>
        <td>
          <div>
            <button
              class="btn-openModal"
            >
              Reserva
            </button>
          </div>
        </td>
      </tr>
      <tr
        role="row"
      >
        <td
          role="cell"
        >
          Estacionamiento E
        </td>
        <td
          role="cell"
        >
          25 de Mayo 201
        </td>
        <td
          role="cell"
        >
          7 - 22 hs
        </td>
        <td
          role="cell"
        />
        <td
          role="cell"
        >
          30
        </td>
        <td>
          <div>
            <button
              class="btn-openModal"
            >
              Reserva
            </button>
          </div>
        </td>
      </tr>
      <tr
        role="row"
      >
        <td
          role="cell"
        >
          Estacionamiento Ayacucho
        </td>
        <td
          role="cell"
        >
          Batalla de Ayacucho 53
        </td>
        <td
          role="cell"
        >
          8 - 22 hs
        </td>
        <td
          role="cell"
        />
        <td
          role="cell"
        >
          35
        </td>
        <td>
          <div>
            <button
              class="btn-openModal"
            >
              Reserva
            </button>
          </div>
        </td>
      </tr>
      <tr
        role="row"
      >
        <td
          role="cell"
        >
          Estacionamiento Playa 24
        </td>
        <td
          role="cell"
        >
          Av. 24 de Septiembre 771
        </td>
        <td
          role="cell"
        >
          24 hs
        </td>
        <td
          role="cell"
        />
        <td
          role="cell"
        >
          40
        </td>
        <td>
          <div>
            <button
              class="btn-openModal"
            >
              Reserva
            </button>
          </div>
        </td>
      </tr>
      <tr
        role="row"
      >
        <td
          role="cell"
        >
          Parking Tucuman
        </td>
        <td
          role="cell"
        >
          25 de Mayo 312
        </td>
        <td
          role="cell"
        >
          24 hs
        </td>
        <td
          role="cell"
        />
        <td
          role="cell"
        >
          25
        </td>
        <td>
          <div>
            <button
              class="btn-openModal"
            >
              Reserva
            </button>
          </div>
        </td>
      </tr>
      <tr
        role="row"
      >
        <td
          role="cell"
        >
          La Teresina
        </td>
        <td
          role="cell"
        >
          Mendoza 949
        </td>
        <td
          role="cell"
        >
          8 - 21 hs
        </td>
        <td
          role="cell"
        />
        <td
          role="cell"
        >
          30
        </td>
        <td>
          <div>
            <button
              class="btn-openModal"
            >
              Reserva
            </button>
          </div>
        </td>
      </tr>
      <tr
        role="row"
      >
        <td
          role="cell"
        >
          Estacionamiento Playa Grande
        </td>
        <td
          role="cell"
        >
          Provincia de Cordoba 751
        </td>
        <td
          role="cell"
        >
          7 - 22 hs
        </td>
        <td
          role="cell"
        />
        <td
          role="cell"
        >
          35
        </td>
        <td>
          <div>
            <button
              class="btn-openModal"
            >
              Reserva
            </button>
          </div>
        </td>
      </tr>
      <tr
        role="row"
      >
        <td
          role="cell"
        >
          Estacionamiento del Mercado
        </td>
        <td
          role="cell"
        >
          Maipú 246
        </td>
        <td
          role="cell"
        >
          24 hs
        </td>
        <td
          role="cell"
        />
        <td
          role="cell"
        >
          40
        </td>
        <td>
          <div>
            <button
              class="btn-openModal"
            >
              Reserva
            </button>
          </div>
        </td>
      </tr>
      <tr
        role="row"
      >
        <td
          role="cell"
        >
          Estacionamiento SM
        </td>
        <td
          role="cell"
        >
          Gral. José de San Martín 867
        </td>
        <td
          role="cell"
        >
          8 - 22 hs
        </td>
        <td
          role="cell"
        />
        <td
          role="cell"
        >
          35
        </td>
        <td>
          <div>
            <button
              class="btn-openModal"
            >
              Reserva
            </button>
          </div>
        </td>
      </tr>
      <tr
        role="row"
      >
        <td
          role="cell"
        >
          Estacionamiento 970
        </td>
        <td
          role="cell"
        >
          Crisóstomo Álvarez 970 
        </td>
        <td
          role="cell"
        >
          8 - 20 hs
        </td>
        <td
          role="cell"
        />
        <td
          role="cell"
        >
          25
        </td>
        <td>
          <div>
            <button
              class="btn-openModal"
            >
              Reserva
            </button>
          </div>
        </td>
      </tr>
      <tr
        role="row"
      >
        <td
          role="cell"
        >
          Guardeía 9 de Julio
        </td>
        <td
          role="cell"
        >
          Pcia. de Córdoba 950 
        </td>
        <td
          role="cell"
        >
          24 hs
        </td>
        <td
          role="cell"
        />
        <td
          role="cell"
        >
          35
        </td>
        <td>
          <div>
            <button
              class="btn-openModal"
            >
              Reserva
            </button>
          </div>
        </td>
      </tr>
      <tr
        role="row"
      >
        <td
          role="cell"
        >
          Estacionamiento E
        </td>
        <td
          role="cell"
        >
          25 de Mayo 201
        </td>
        <td
          role="cell"
        >
          7 - 22 hs
        </td>
        <td
          role="cell"
        />
        <td
          role="cell"
        >
          30
        </td>
        <td>
          <div>
            <button
              class="btn-openModal"
            >
              Reserva
            </button>
          </div>
        </td>
      </tr>
      <tr
        role="row"
      >
        <td
          role="cell"
        >
          Estacionamiento Ayacucho
        </td>
        <td
          role="cell"
        >
          Batalla de Ayacucho 53
        </td>
        <td
          role="cell"
        >
          8 - 22 hs
        </td>
        <td
          role="cell"
        />
        <td
          role="cell"
        >
          35
        </td>
        <td>
          <div>
            <button
              class="btn-openModal"
            >
              Reserva
            </button>
          </div>
        </td>
      </tr>
      <tr
        role="row"
      >
        <td
          role="cell"
        >
          Estacionamiento Playa 24
        </td>
        <td
          role="cell"
        >
          Av. 24 de Septiembre 771
        </td>
        <td
          role="cell"
        >
          24 hs
        </td>
        <td
          role="cell"
        />
        <td
          role="cell"
        >
          40
        </td>
        <td>
          <div>
            <button
              class="btn-openModal"
            >
              Reserva
            </button>
          </div>
        </td>
      </tr>
    </tbody>
  </table>
</DocumentFragment>
`;
