// Jest Snapshot v1, https://goo.gl/fbAQLP

exports[`Alert snapshot comparison 1`] = `
<DocumentFragment>
  <div
    class="alert alert-danger alert-dismissable mt-4 alert-msg"
    id="alertPopUp"
    role="alert"
    style="display: block;"
  >
    <div
      class="d-flex"
    >
      <span
        data-testid="alert-msg"
      >
        This is an error
      </span>
      <button
        aria-label="Close"
        class="close ml-2"
        data-testid="alert-btn"
        type="button"
      >
        <span
          aria-hidden="true"
        >
          Ã—
        </span>
      </button>
    </div>
  </div>
</DocumentFragment>
`;
